---
source: bloodc/src/parser/tests.rs
expression: parse_to_debug(source)
---
Program {
    module: None,
    imports: [],
    declarations: [
        Function(
            FnDecl {
                attrs: [],
                vis: Private,
                qualifiers: FnQualifiers {
                    is_const: false,
                    is_async: false,
                    is_unsafe: false,
                },
                name: Spanned {
                    node: SymbolU32 {
                        value: 1,
                    },
                    span: Span {
                        start: 4,
                        end: 17,
                        start_line: 2,
                        start_col: 4,
                    },
                },
                type_params: None,
                params: [
                    Param {
                        qualifier: None,
                        pattern: Pattern {
                            kind: Ident {
                                by_ref: false,
                                mutable: false,
                                name: Spanned {
                                    node: SymbolU32 {
                                        value: 2,
                                    },
                                    span: Span {
                                        start: 18,
                                        end: 19,
                                        start_line: 2,
                                        start_col: 18,
                                    },
                                },
                                subpattern: None,
                            },
                            span: Span {
                                start: 18,
                                end: 19,
                                start_line: 2,
                                start_col: 18,
                            },
                        },
                        ty: Type {
                            kind: Path(
                                TypePath {
                                    segments: [
                                        TypePathSegment {
                                            name: Spanned {
                                                node: SymbolU32 {
                                                    value: 3,
                                                },
                                                span: Span {
                                                    start: 21,
                                                    end: 26,
                                                    start_line: 2,
                                                    start_col: 21,
                                                },
                                            },
                                            args: None,
                                        },
                                    ],
                                    span: Span {
                                        start: 21,
                                        end: 26,
                                        start_line: 2,
                                        start_col: 21,
                                    },
                                },
                            ),
                            span: Span {
                                start: 21,
                                end: 26,
                                start_line: 2,
                                start_col: 21,
                            },
                        },
                        span: Span {
                            start: 18,
                            end: 26,
                            start_line: 2,
                            start_col: 18,
                        },
                    },
                ],
                return_type: Some(
                    Type {
                        kind: Path(
                            TypePath {
                                segments: [
                                    TypePathSegment {
                                        name: Spanned {
                                            node: SymbolU32 {
                                                value: 4,
                                            },
                                            span: Span {
                                                start: 31,
                                                end: 34,
                                                start_line: 2,
                                                start_col: 31,
                                            },
                                        },
                                        args: None,
                                    },
                                ],
                                span: Span {
                                    start: 31,
                                    end: 34,
                                    start_line: 2,
                                    start_col: 31,
                                },
                            },
                        ),
                        span: Span {
                            start: 31,
                            end: 34,
                            start_line: 2,
                            start_col: 31,
                        },
                    },
                ),
                effects: None,
                where_clause: None,
                body: Some(
                    Block {
                        statements: [],
                        expr: Some(
                            Expr {
                                kind: Match {
                                    scrutinee: Expr {
                                        kind: Path(
                                            ExprPath {
                                                segments: [
                                                    ExprPathSegment {
                                                        name: Spanned {
                                                            node: SymbolU32 {
                                                                value: 2,
                                                            },
                                                            span: Span {
                                                                start: 47,
                                                                end: 48,
                                                                start_line: 3,
                                                                start_col: 11,
                                                            },
                                                        },
                                                        args: None,
                                                    },
                                                ],
                                                span: Span {
                                                    start: 47,
                                                    end: 48,
                                                    start_line: 3,
                                                    start_col: 11,
                                                },
                                            },
                                        ),
                                        span: Span {
                                            start: 47,
                                            end: 48,
                                            start_line: 3,
                                            start_col: 11,
                                        },
                                    },
                                    arms: [
                                        MatchArm {
                                            pattern: Pattern {
                                                kind: TupleStruct {
                                                    path: TypePath {
                                                        segments: [
                                                            TypePathSegment {
                                                                name: Spanned {
                                                                    node: SymbolU32 {
                                                                        value: 3,
                                                                    },
                                                                    span: Span {
                                                                        start: 59,
                                                                        end: 64,
                                                                        start_line: 4,
                                                                        start_col: 9,
                                                                    },
                                                                },
                                                                args: None,
                                                            },
                                                            TypePathSegment {
                                                                name: Spanned {
                                                                    node: SymbolU32 {
                                                                        value: 5,
                                                                    },
                                                                    span: Span {
                                                                        start: 66,
                                                                        end: 69,
                                                                        start_line: 4,
                                                                        start_col: 16,
                                                                    },
                                                                },
                                                                args: None,
                                                            },
                                                        ],
                                                        span: Span {
                                                            start: 59,
                                                            end: 69,
                                                            start_line: 4,
                                                            start_col: 9,
                                                        },
                                                    },
                                                    fields: [
                                                        Pattern {
                                                            kind: Literal(
                                                                Literal {
                                                                    kind: Int {
                                                                        value: 0,
                                                                        suffix: None,
                                                                    },
                                                                    span: Span {
                                                                        start: 70,
                                                                        end: 71,
                                                                        start_line: 4,
                                                                        start_col: 20,
                                                                    },
                                                                },
                                                            ),
                                                            span: Span {
                                                                start: 70,
                                                                end: 71,
                                                                start_line: 4,
                                                                start_col: 20,
                                                            },
                                                        },
                                                    ],
                                                    rest_pos: None,
                                                },
                                                span: Span {
                                                    start: 59,
                                                    end: 72,
                                                    start_line: 4,
                                                    start_col: 9,
                                                },
                                            },
                                            guard: None,
                                            body: Expr {
                                                kind: Literal(
                                                    Literal {
                                                        kind: Int {
                                                            value: 0,
                                                            suffix: None,
                                                        },
                                                        span: Span {
                                                            start: 76,
                                                            end: 77,
                                                            start_line: 4,
                                                            start_col: 26,
                                                        },
                                                    },
                                                ),
                                                span: Span {
                                                    start: 76,
                                                    end: 77,
                                                    start_line: 4,
                                                    start_col: 26,
                                                },
                                            },
                                            span: Span {
                                                start: 59,
                                                end: 77,
                                                start_line: 4,
                                                start_col: 9,
                                            },
                                        },
                                        MatchArm {
                                            pattern: Pattern {
                                                kind: TupleStruct {
                                                    path: TypePath {
                                                        segments: [
                                                            TypePathSegment {
                                                                name: Spanned {
                                                                    node: SymbolU32 {
                                                                        value: 3,
                                                                    },
                                                                    span: Span {
                                                                        start: 87,
                                                                        end: 92,
                                                                        start_line: 5,
                                                                        start_col: 9,
                                                                    },
                                                                },
                                                                args: None,
                                                            },
                                                            TypePathSegment {
                                                                name: Spanned {
                                                                    node: SymbolU32 {
                                                                        value: 5,
                                                                    },
                                                                    span: Span {
                                                                        start: 94,
                                                                        end: 97,
                                                                        start_line: 5,
                                                                        start_col: 16,
                                                                    },
                                                                },
                                                                args: None,
                                                            },
                                                        ],
                                                        span: Span {
                                                            start: 87,
                                                            end: 97,
                                                            start_line: 5,
                                                            start_col: 9,
                                                        },
                                                    },
                                                    fields: [
                                                        Pattern {
                                                            kind: Ident {
                                                                by_ref: false,
                                                                mutable: false,
                                                                name: Spanned {
                                                                    node: SymbolU32 {
                                                                        value: 6,
                                                                    },
                                                                    span: Span {
                                                                        start: 98,
                                                                        end: 99,
                                                                        start_line: 5,
                                                                        start_col: 20,
                                                                    },
                                                                },
                                                                subpattern: None,
                                                            },
                                                            span: Span {
                                                                start: 98,
                                                                end: 99,
                                                                start_line: 5,
                                                                start_col: 20,
                                                            },
                                                        },
                                                    ],
                                                    rest_pos: None,
                                                },
                                                span: Span {
                                                    start: 87,
                                                    end: 100,
                                                    start_line: 5,
                                                    start_col: 9,
                                                },
                                            },
                                            guard: Some(
                                                Expr {
                                                    kind: Binary {
                                                        op: Lt,
                                                        left: Expr {
                                                            kind: Path(
                                                                ExprPath {
                                                                    segments: [
                                                                        ExprPathSegment {
                                                                            name: Spanned {
                                                                                node: SymbolU32 {
                                                                                    value: 6,
                                                                                },
                                                                                span: Span {
                                                                                    start: 104,
                                                                                    end: 105,
                                                                                    start_line: 5,
                                                                                    start_col: 26,
                                                                                },
                                                                            },
                                                                            args: None,
                                                                        },
                                                                    ],
                                                                    span: Span {
                                                                        start: 104,
                                                                        end: 105,
                                                                        start_line: 5,
                                                                        start_col: 26,
                                                                    },
                                                                },
                                                            ),
                                                            span: Span {
                                                                start: 104,
                                                                end: 105,
                                                                start_line: 5,
                                                                start_col: 26,
                                                            },
                                                        },
                                                        right: Expr {
                                                            kind: Literal(
                                                                Literal {
                                                                    kind: Int {
                                                                        value: 0,
                                                                        suffix: None,
                                                                    },
                                                                    span: Span {
                                                                        start: 108,
                                                                        end: 109,
                                                                        start_line: 5,
                                                                        start_col: 30,
                                                                    },
                                                                },
                                                            ),
                                                            span: Span {
                                                                start: 108,
                                                                end: 109,
                                                                start_line: 5,
                                                                start_col: 30,
                                                            },
                                                        },
                                                    },
                                                    span: Span {
                                                        start: 104,
                                                        end: 109,
                                                        start_line: 5,
                                                        start_col: 26,
                                                    },
                                                },
                                            ),
                                            body: Expr {
                                                kind: Unary {
                                                    op: Neg,
                                                    operand: Expr {
                                                        kind: Literal(
                                                            Literal {
                                                                kind: Int {
                                                                    value: 1,
                                                                    suffix: None,
                                                                },
                                                                span: Span {
                                                                    start: 114,
                                                                    end: 115,
                                                                    start_line: 5,
                                                                    start_col: 36,
                                                                },
                                                            },
                                                        ),
                                                        span: Span {
                                                            start: 114,
                                                            end: 115,
                                                            start_line: 5,
                                                            start_col: 36,
                                                        },
                                                    },
                                                },
                                                span: Span {
                                                    start: 113,
                                                    end: 115,
                                                    start_line: 5,
                                                    start_col: 35,
                                                },
                                            },
                                            span: Span {
                                                start: 87,
                                                end: 115,
                                                start_line: 5,
                                                start_col: 9,
                                            },
                                        },
                                        MatchArm {
                                            pattern: Pattern {
                                                kind: TupleStruct {
                                                    path: TypePath {
                                                        segments: [
                                                            TypePathSegment {
                                                                name: Spanned {
                                                                    node: SymbolU32 {
                                                                        value: 3,
                                                                    },
                                                                    span: Span {
                                                                        start: 125,
                                                                        end: 130,
                                                                        start_line: 6,
                                                                        start_col: 9,
                                                                    },
                                                                },
                                                                args: None,
                                                            },
                                                            TypePathSegment {
                                                                name: Spanned {
                                                                    node: SymbolU32 {
                                                                        value: 5,
                                                                    },
                                                                    span: Span {
                                                                        start: 132,
                                                                        end: 135,
                                                                        start_line: 6,
                                                                        start_col: 16,
                                                                    },
                                                                },
                                                                args: None,
                                                            },
                                                        ],
                                                        span: Span {
                                                            start: 125,
                                                            end: 135,
                                                            start_line: 6,
                                                            start_col: 9,
                                                        },
                                                    },
                                                    fields: [
                                                        Pattern {
                                                            kind: Ident {
                                                                by_ref: false,
                                                                mutable: false,
                                                                name: Spanned {
                                                                    node: SymbolU32 {
                                                                        value: 6,
                                                                    },
                                                                    span: Span {
                                                                        start: 136,
                                                                        end: 137,
                                                                        start_line: 6,
                                                                        start_col: 20,
                                                                    },
                                                                },
                                                                subpattern: Some(
                                                                    Pattern {
                                                                        kind: Range {
                                                                            start: Some(
                                                                                Pattern {
                                                                                    kind: Literal(
                                                                                        Literal {
                                                                                            kind: Int {
                                                                                                value: 1,
                                                                                                suffix: None,
                                                                                            },
                                                                                            span: Span {
                                                                                                start: 140,
                                                                                                end: 141,
                                                                                                start_line: 6,
                                                                                                start_col: 24,
                                                                                            },
                                                                                        },
                                                                                    ),
                                                                                    span: Span {
                                                                                        start: 140,
                                                                                        end: 141,
                                                                                        start_line: 6,
                                                                                        start_col: 24,
                                                                                    },
                                                                                },
                                                                            ),
                                                                            end: Some(
                                                                                Pattern {
                                                                                    kind: Literal(
                                                                                        Literal {
                                                                                            kind: Int {
                                                                                                value: 10,
                                                                                                suffix: None,
                                                                                            },
                                                                                            span: Span {
                                                                                                start: 144,
                                                                                                end: 146,
                                                                                                start_line: 6,
                                                                                                start_col: 28,
                                                                                            },
                                                                                        },
                                                                                    ),
                                                                                    span: Span {
                                                                                        start: 144,
                                                                                        end: 146,
                                                                                        start_line: 6,
                                                                                        start_col: 28,
                                                                                    },
                                                                                },
                                                                            ),
                                                                            inclusive: true,
                                                                        },
                                                                        span: Span {
                                                                            start: 140,
                                                                            end: 146,
                                                                            start_line: 6,
                                                                            start_col: 24,
                                                                        },
                                                                    },
                                                                ),
                                                            },
                                                            span: Span {
                                                                start: 136,
                                                                end: 146,
                                                                start_line: 6,
                                                                start_col: 20,
                                                            },
                                                        },
                                                    ],
                                                    rest_pos: None,
                                                },
                                                span: Span {
                                                    start: 125,
                                                    end: 147,
                                                    start_line: 6,
                                                    start_col: 9,
                                                },
                                            },
                                            guard: None,
                                            body: Expr {
                                                kind: Path(
                                                    ExprPath {
                                                        segments: [
                                                            ExprPathSegment {
                                                                name: Spanned {
                                                                    node: SymbolU32 {
                                                                        value: 6,
                                                                    },
                                                                    span: Span {
                                                                        start: 151,
                                                                        end: 152,
                                                                        start_line: 6,
                                                                        start_col: 35,
                                                                    },
                                                                },
                                                                args: None,
                                                            },
                                                        ],
                                                        span: Span {
                                                            start: 151,
                                                            end: 152,
                                                            start_line: 6,
                                                            start_col: 35,
                                                        },
                                                    },
                                                ),
                                                span: Span {
                                                    start: 151,
                                                    end: 152,
                                                    start_line: 6,
                                                    start_col: 35,
                                                },
                                            },
                                            span: Span {
                                                start: 125,
                                                end: 152,
                                                start_line: 6,
                                                start_col: 9,
                                            },
                                        },
                                        MatchArm {
                                            pattern: Pattern {
                                                kind: TupleStruct {
                                                    path: TypePath {
                                                        segments: [
                                                            TypePathSegment {
                                                                name: Spanned {
                                                                    node: SymbolU32 {
                                                                        value: 3,
                                                                    },
                                                                    span: Span {
                                                                        start: 162,
                                                                        end: 167,
                                                                        start_line: 7,
                                                                        start_col: 9,
                                                                    },
                                                                },
                                                                args: None,
                                                            },
                                                            TypePathSegment {
                                                                name: Spanned {
                                                                    node: SymbolU32 {
                                                                        value: 7,
                                                                    },
                                                                    span: Span {
                                                                        start: 169,
                                                                        end: 173,
                                                                        start_line: 7,
                                                                        start_col: 16,
                                                                    },
                                                                },
                                                                args: None,
                                                            },
                                                        ],
                                                        span: Span {
                                                            start: 162,
                                                            end: 173,
                                                            start_line: 7,
                                                            start_col: 9,
                                                        },
                                                    },
                                                    fields: [
                                                        Pattern {
                                                            kind: Ident {
                                                                by_ref: false,
                                                                mutable: false,
                                                                name: Spanned {
                                                                    node: SymbolU32 {
                                                                        value: 8,
                                                                    },
                                                                    span: Span {
                                                                        start: 174,
                                                                        end: 175,
                                                                        start_line: 7,
                                                                        start_col: 21,
                                                                    },
                                                                },
                                                                subpattern: None,
                                                            },
                                                            span: Span {
                                                                start: 174,
                                                                end: 175,
                                                                start_line: 7,
                                                                start_col: 21,
                                                            },
                                                        },
                                                        Pattern {
                                                            kind: Ident {
                                                                by_ref: false,
                                                                mutable: false,
                                                                name: Spanned {
                                                                    node: SymbolU32 {
                                                                        value: 9,
                                                                    },
                                                                    span: Span {
                                                                        start: 177,
                                                                        end: 178,
                                                                        start_line: 7,
                                                                        start_col: 24,
                                                                    },
                                                                },
                                                                subpattern: None,
                                                            },
                                                            span: Span {
                                                                start: 177,
                                                                end: 178,
                                                                start_line: 7,
                                                                start_col: 24,
                                                            },
                                                        },
                                                    ],
                                                    rest_pos: None,
                                                },
                                                span: Span {
                                                    start: 162,
                                                    end: 179,
                                                    start_line: 7,
                                                    start_col: 9,
                                                },
                                            },
                                            guard: None,
                                            body: Expr {
                                                kind: Binary {
                                                    op: Add,
                                                    left: Expr {
                                                        kind: Path(
                                                            ExprPath {
                                                                segments: [
                                                                    ExprPathSegment {
                                                                        name: Spanned {
                                                                            node: SymbolU32 {
                                                                                value: 8,
                                                                            },
                                                                            span: Span {
                                                                                start: 183,
                                                                                end: 184,
                                                                                start_line: 7,
                                                                                start_col: 30,
                                                                            },
                                                                        },
                                                                        args: None,
                                                                    },
                                                                ],
                                                                span: Span {
                                                                    start: 183,
                                                                    end: 184,
                                                                    start_line: 7,
                                                                    start_col: 30,
                                                                },
                                                            },
                                                        ),
                                                        span: Span {
                                                            start: 183,
                                                            end: 184,
                                                            start_line: 7,
                                                            start_col: 30,
                                                        },
                                                    },
                                                    right: Expr {
                                                        kind: Path(
                                                            ExprPath {
                                                                segments: [
                                                                    ExprPathSegment {
                                                                        name: Spanned {
                                                                            node: SymbolU32 {
                                                                                value: 9,
                                                                            },
                                                                            span: Span {
                                                                                start: 187,
                                                                                end: 188,
                                                                                start_line: 7,
                                                                                start_col: 34,
                                                                            },
                                                                        },
                                                                        args: None,
                                                                    },
                                                                ],
                                                                span: Span {
                                                                    start: 187,
                                                                    end: 188,
                                                                    start_line: 7,
                                                                    start_col: 34,
                                                                },
                                                            },
                                                        ),
                                                        span: Span {
                                                            start: 187,
                                                            end: 188,
                                                            start_line: 7,
                                                            start_col: 34,
                                                        },
                                                    },
                                                },
                                                span: Span {
                                                    start: 183,
                                                    end: 188,
                                                    start_line: 7,
                                                    start_col: 30,
                                                },
                                            },
                                            span: Span {
                                                start: 162,
                                                end: 188,
                                                start_line: 7,
                                                start_col: 9,
                                            },
                                        },
                                        MatchArm {
                                            pattern: Pattern {
                                                kind: Struct {
                                                    path: TypePath {
                                                        segments: [
                                                            TypePathSegment {
                                                                name: Spanned {
                                                                    node: SymbolU32 {
                                                                        value: 3,
                                                                    },
                                                                    span: Span {
                                                                        start: 198,
                                                                        end: 203,
                                                                        start_line: 8,
                                                                        start_col: 9,
                                                                    },
                                                                },
                                                                args: None,
                                                            },
                                                            TypePathSegment {
                                                                name: Spanned {
                                                                    node: SymbolU32 {
                                                                        value: 10,
                                                                    },
                                                                    span: Span {
                                                                        start: 205,
                                                                        end: 211,
                                                                        start_line: 8,
                                                                        start_col: 16,
                                                                    },
                                                                },
                                                                args: None,
                                                            },
                                                        ],
                                                        span: Span {
                                                            start: 198,
                                                            end: 211,
                                                            start_line: 8,
                                                            start_col: 9,
                                                        },
                                                    },
                                                    fields: [
                                                        StructPatternField {
                                                            name: Spanned {
                                                                node: SymbolU32 {
                                                                    value: 2,
                                                                },
                                                                span: Span {
                                                                    start: 214,
                                                                    end: 215,
                                                                    start_line: 8,
                                                                    start_col: 25,
                                                                },
                                                            },
                                                            pattern: None,
                                                            span: Span {
                                                                start: 214,
                                                                end: 215,
                                                                start_line: 8,
                                                                start_col: 25,
                                                            },
                                                        },
                                                        StructPatternField {
                                                            name: Spanned {
                                                                node: SymbolU32 {
                                                                    value: 11,
                                                                },
                                                                span: Span {
                                                                    start: 217,
                                                                    end: 218,
                                                                    start_line: 8,
                                                                    start_col: 28,
                                                                },
                                                            },
                                                            pattern: Some(
                                                                Pattern {
                                                                    kind: Ident {
                                                                        by_ref: true,
                                                                        mutable: false,
                                                                        name: Spanned {
                                                                            node: SymbolU32 {
                                                                                value: 12,
                                                                            },
                                                                            span: Span {
                                                                                start: 224,
                                                                                end: 228,
                                                                                start_line: 8,
                                                                                start_col: 35,
                                                                            },
                                                                        },
                                                                        subpattern: None,
                                                                    },
                                                                    span: Span {
                                                                        start: 220,
                                                                        end: 228,
                                                                        start_line: 8,
                                                                        start_col: 31,
                                                                    },
                                                                },
                                                            ),
                                                            span: Span {
                                                                start: 217,
                                                                end: 228,
                                                                start_line: 8,
                                                                start_col: 28,
                                                            },
                                                        },
                                                    ],
                                                    rest: true,
                                                },
                                                span: Span {
                                                    start: 198,
                                                    end: 234,
                                                    start_line: 8,
                                                    start_col: 9,
                                                },
                                            },
                                            guard: None,
                                            body: Expr {
                                                kind: Binary {
                                                    op: Add,
                                                    left: Expr {
                                                        kind: Path(
                                                            ExprPath {
                                                                segments: [
                                                                    ExprPathSegment {
                                                                        name: Spanned {
                                                                            node: SymbolU32 {
                                                                                value: 2,
                                                                            },
                                                                            span: Span {
                                                                                start: 238,
                                                                                end: 239,
                                                                                start_line: 8,
                                                                                start_col: 49,
                                                                            },
                                                                        },
                                                                        args: None,
                                                                    },
                                                                ],
                                                                span: Span {
                                                                    start: 238,
                                                                    end: 239,
                                                                    start_line: 8,
                                                                    start_col: 49,
                                                                },
                                                            },
                                                        ),
                                                        span: Span {
                                                            start: 238,
                                                            end: 239,
                                                            start_line: 8,
                                                            start_col: 49,
                                                        },
                                                    },
                                                    right: Expr {
                                                        kind: Unary {
                                                            op: Deref,
                                                            operand: Expr {
                                                                kind: Path(
                                                                    ExprPath {
                                                                        segments: [
                                                                            ExprPathSegment {
                                                                                name: Spanned {
                                                                                    node: SymbolU32 {
                                                                                        value: 12,
                                                                                    },
                                                                                    span: Span {
                                                                                        start: 243,
                                                                                        end: 247,
                                                                                        start_line: 8,
                                                                                        start_col: 54,
                                                                                    },
                                                                                },
                                                                                args: None,
                                                                            },
                                                                        ],
                                                                        span: Span {
                                                                            start: 243,
                                                                            end: 247,
                                                                            start_line: 8,
                                                                            start_col: 54,
                                                                        },
                                                                    },
                                                                ),
                                                                span: Span {
                                                                    start: 243,
                                                                    end: 247,
                                                                    start_line: 8,
                                                                    start_col: 54,
                                                                },
                                                            },
                                                        },
                                                        span: Span {
                                                            start: 242,
                                                            end: 247,
                                                            start_line: 8,
                                                            start_col: 53,
                                                        },
                                                    },
                                                },
                                                span: Span {
                                                    start: 238,
                                                    end: 247,
                                                    start_line: 8,
                                                    start_col: 49,
                                                },
                                            },
                                            span: Span {
                                                start: 198,
                                                end: 247,
                                                start_line: 8,
                                                start_col: 9,
                                            },
                                        },
                                        MatchArm {
                                            pattern: Pattern {
                                                kind: TupleStruct {
                                                    path: TypePath {
                                                        segments: [
                                                            TypePathSegment {
                                                                name: Spanned {
                                                                    node: SymbolU32 {
                                                                        value: 3,
                                                                    },
                                                                    span: Span {
                                                                        start: 257,
                                                                        end: 262,
                                                                        start_line: 9,
                                                                        start_col: 9,
                                                                    },
                                                                },
                                                                args: None,
                                                            },
                                                            TypePathSegment {
                                                                name: Spanned {
                                                                    node: SymbolU32 {
                                                                        value: 13,
                                                                    },
                                                                    span: Span {
                                                                        start: 264,
                                                                        end: 270,
                                                                        start_line: 9,
                                                                        start_col: 16,
                                                                    },
                                                                },
                                                                args: None,
                                                            },
                                                        ],
                                                        span: Span {
                                                            start: 257,
                                                            end: 270,
                                                            start_line: 9,
                                                            start_col: 9,
                                                        },
                                                    },
                                                    fields: [
                                                        Pattern {
                                                            kind: Ref {
                                                                mutable: false,
                                                                inner: Pattern {
                                                                    kind: Ident {
                                                                        by_ref: false,
                                                                        mutable: false,
                                                                        name: Spanned {
                                                                            node: SymbolU32 {
                                                                                value: 14,
                                                                            },
                                                                            span: Span {
                                                                                start: 272,
                                                                                end: 277,
                                                                                start_line: 9,
                                                                                start_col: 24,
                                                                            },
                                                                        },
                                                                        subpattern: None,
                                                                    },
                                                                    span: Span {
                                                                        start: 272,
                                                                        end: 277,
                                                                        start_line: 9,
                                                                        start_col: 24,
                                                                    },
                                                                },
                                                            },
                                                            span: Span {
                                                                start: 271,
                                                                end: 277,
                                                                start_line: 9,
                                                                start_col: 23,
                                                            },
                                                        },
                                                    ],
                                                    rest_pos: None,
                                                },
                                                span: Span {
                                                    start: 257,
                                                    end: 278,
                                                    start_line: 9,
                                                    start_col: 9,
                                                },
                                            },
                                            guard: None,
                                            body: Expr {
                                                kind: Path(
                                                    ExprPath {
                                                        segments: [
                                                            ExprPathSegment {
                                                                name: Spanned {
                                                                    node: SymbolU32 {
                                                                        value: 14,
                                                                    },
                                                                    span: Span {
                                                                        start: 282,
                                                                        end: 287,
                                                                        start_line: 9,
                                                                        start_col: 34,
                                                                    },
                                                                },
                                                                args: None,
                                                            },
                                                        ],
                                                        span: Span {
                                                            start: 282,
                                                            end: 287,
                                                            start_line: 9,
                                                            start_col: 34,
                                                        },
                                                    },
                                                ),
                                                span: Span {
                                                    start: 282,
                                                    end: 287,
                                                    start_line: 9,
                                                    start_col: 34,
                                                },
                                            },
                                            span: Span {
                                                start: 257,
                                                end: 287,
                                                start_line: 9,
                                                start_col: 9,
                                            },
                                        },
                                        MatchArm {
                                            pattern: Pattern {
                                                kind: Or(
                                                    [
                                                        Pattern {
                                                            kind: Ident {
                                                                by_ref: false,
                                                                mutable: false,
                                                                name: Spanned {
                                                                    node: SymbolU32 {
                                                                        value: 8,
                                                                    },
                                                                    span: Span {
                                                                        start: 297,
                                                                        end: 298,
                                                                        start_line: 10,
                                                                        start_col: 9,
                                                                    },
                                                                },
                                                                subpattern: None,
                                                            },
                                                            span: Span {
                                                                start: 297,
                                                                end: 298,
                                                                start_line: 10,
                                                                start_col: 9,
                                                            },
                                                        },
                                                        Pattern {
                                                            kind: Ident {
                                                                by_ref: false,
                                                                mutable: false,
                                                                name: Spanned {
                                                                    node: SymbolU32 {
                                                                        value: 9,
                                                                    },
                                                                    span: Span {
                                                                        start: 301,
                                                                        end: 302,
                                                                        start_line: 10,
                                                                        start_col: 13,
                                                                    },
                                                                },
                                                                subpattern: None,
                                                            },
                                                            span: Span {
                                                                start: 301,
                                                                end: 302,
                                                                start_line: 10,
                                                                start_col: 13,
                                                            },
                                                        },
                                                        Pattern {
                                                            kind: Ident {
                                                                by_ref: false,
                                                                mutable: false,
                                                                name: Spanned {
                                                                    node: SymbolU32 {
                                                                        value: 15,
                                                                    },
                                                                    span: Span {
                                                                        start: 305,
                                                                        end: 306,
                                                                        start_line: 10,
                                                                        start_col: 17,
                                                                    },
                                                                },
                                                                subpattern: None,
                                                            },
                                                            span: Span {
                                                                start: 305,
                                                                end: 306,
                                                                start_line: 10,
                                                                start_col: 17,
                                                            },
                                                        },
                                                    ],
                                                ),
                                                span: Span {
                                                    start: 297,
                                                    end: 306,
                                                    start_line: 10,
                                                    start_col: 9,
                                                },
                                            },
                                            guard: None,
                                            body: Expr {
                                                kind: Literal(
                                                    Literal {
                                                        kind: Int {
                                                            value: 999,
                                                            suffix: None,
                                                        },
                                                        span: Span {
                                                            start: 310,
                                                            end: 313,
                                                            start_line: 10,
                                                            start_col: 22,
                                                        },
                                                    },
                                                ),
                                                span: Span {
                                                    start: 310,
                                                    end: 313,
                                                    start_line: 10,
                                                    start_col: 22,
                                                },
                                            },
                                            span: Span {
                                                start: 297,
                                                end: 313,
                                                start_line: 10,
                                                start_col: 9,
                                            },
                                        },
                                        MatchArm {
                                            pattern: Pattern {
                                                kind: Wildcard,
                                                span: Span {
                                                    start: 323,
                                                    end: 324,
                                                    start_line: 11,
                                                    start_col: 9,
                                                },
                                            },
                                            guard: None,
                                            body: Expr {
                                                kind: Unary {
                                                    op: Neg,
                                                    operand: Expr {
                                                        kind: Literal(
                                                            Literal {
                                                                kind: Int {
                                                                    value: 999,
                                                                    suffix: None,
                                                                },
                                                                span: Span {
                                                                    start: 329,
                                                                    end: 332,
                                                                    start_line: 11,
                                                                    start_col: 15,
                                                                },
                                                            },
                                                        ),
                                                        span: Span {
                                                            start: 329,
                                                            end: 332,
                                                            start_line: 11,
                                                            start_col: 15,
                                                        },
                                                    },
                                                },
                                                span: Span {
                                                    start: 328,
                                                    end: 332,
                                                    start_line: 11,
                                                    start_col: 14,
                                                },
                                            },
                                            span: Span {
                                                start: 323,
                                                end: 332,
                                                start_line: 11,
                                                start_col: 9,
                                            },
                                        },
                                    ],
                                },
                                span: Span {
                                    start: 41,
                                    end: 339,
                                    start_line: 3,
                                    start_col: 5,
                                },
                            },
                        ),
                        span: Span {
                            start: 35,
                            end: 341,
                            start_line: 2,
                            start_col: 35,
                        },
                    },
                ),
                span: Span {
                    start: 1,
                    end: 341,
                    start_line: 2,
                    start_col: 1,
                },
            },
        ),
    ],
    span: Span {
        start: 1,
        end: 341,
        start_line: 2,
        start_col: 1,
    },
}
