---
source: bloodc/src/parser/tests.rs
expression: parse_to_debug(source)
---
Program {
    module: None,
    imports: [],
    declarations: [
        Function(
            FnDecl {
                attrs: [],
                vis: Private,
                qualifiers: FnQualifiers {
                    is_const: false,
                    is_async: false,
                    is_unsafe: false,
                },
                name: Spanned {
                    node: SymbolU32 {
                        value: 1,
                    },
                    span: Span {
                        start: 3,
                        end: 4,
                        start_line: 1,
                        start_col: 4,
                    },
                },
                type_params: None,
                params: [],
                return_type: None,
                effects: None,
                where_clause: None,
                body: Some(
                    Block {
                        statements: [],
                        expr: Some(
                            Expr {
                                kind: Match {
                                    scrutinee: Expr {
                                        kind: Path(
                                            ExprPath {
                                                segments: [
                                                    ExprPathSegment {
                                                        name: Spanned {
                                                            node: SymbolU32 {
                                                                value: 2,
                                                            },
                                                            span: Span {
                                                                start: 15,
                                                                end: 16,
                                                                start_line: 1,
                                                                start_col: 16,
                                                            },
                                                        },
                                                        args: None,
                                                    },
                                                ],
                                                span: Span {
                                                    start: 15,
                                                    end: 16,
                                                    start_line: 1,
                                                    start_col: 16,
                                                },
                                            },
                                        ),
                                        span: Span {
                                            start: 15,
                                            end: 16,
                                            start_line: 1,
                                            start_col: 16,
                                        },
                                    },
                                    arms: [
                                        MatchArm {
                                            pattern: Pattern {
                                                kind: Struct {
                                                    path: TypePath {
                                                        segments: [
                                                            TypePathSegment {
                                                                name: Spanned {
                                                                    node: SymbolU32 {
                                                                        value: 3,
                                                                    },
                                                                    span: Span {
                                                                        start: 19,
                                                                        end: 24,
                                                                        start_line: 1,
                                                                        start_col: 20,
                                                                    },
                                                                },
                                                                args: None,
                                                            },
                                                        ],
                                                        span: Span {
                                                            start: 19,
                                                            end: 24,
                                                            start_line: 1,
                                                            start_col: 20,
                                                        },
                                                    },
                                                    fields: [
                                                        StructPatternField {
                                                            name: Spanned {
                                                                node: SymbolU32 {
                                                                    value: 4,
                                                                },
                                                                span: Span {
                                                                    start: 35,
                                                                    end: 36,
                                                                    start_line: 1,
                                                                    start_col: 36,
                                                                },
                                                            },
                                                            pattern: Some(
                                                                Pattern {
                                                                    kind: Ident {
                                                                        by_ref: true,
                                                                        mutable: true,
                                                                        name: Spanned {
                                                                            node: SymbolU32 {
                                                                                value: 4,
                                                                            },
                                                                            span: Span {
                                                                                start: 35,
                                                                                end: 36,
                                                                                start_line: 1,
                                                                                start_col: 36,
                                                                            },
                                                                        },
                                                                        subpattern: None,
                                                                    },
                                                                    span: Span {
                                                                        start: 27,
                                                                        end: 36,
                                                                        start_line: 1,
                                                                        start_col: 28,
                                                                    },
                                                                },
                                                            ),
                                                            span: Span {
                                                                start: 27,
                                                                end: 36,
                                                                start_line: 1,
                                                                start_col: 28,
                                                            },
                                                        },
                                                        StructPatternField {
                                                            name: Spanned {
                                                                node: SymbolU32 {
                                                                    value: 5,
                                                                },
                                                                span: Span {
                                                                    start: 38,
                                                                    end: 39,
                                                                    start_line: 1,
                                                                    start_col: 39,
                                                                },
                                                            },
                                                            pattern: None,
                                                            span: Span {
                                                                start: 38,
                                                                end: 39,
                                                                start_line: 1,
                                                                start_col: 39,
                                                            },
                                                        },
                                                    ],
                                                    rest: false,
                                                },
                                                span: Span {
                                                    start: 19,
                                                    end: 41,
                                                    start_line: 1,
                                                    start_col: 20,
                                                },
                                            },
                                            guard: None,
                                            body: Expr {
                                                kind: Block(
                                                    Block {
                                                        statements: [],
                                                        expr: Some(
                                                            Expr {
                                                                kind: Assign {
                                                                    target: Expr {
                                                                        kind: Unary {
                                                                            op: Deref,
                                                                            operand: Expr {
                                                                                kind: Path(
                                                                                    ExprPath {
                                                                                        segments: [
                                                                                            ExprPathSegment {
                                                                                                name: Spanned {
                                                                                                    node: SymbolU32 {
                                                                                                        value: 4,
                                                                                                    },
                                                                                                    span: Span {
                                                                                                        start: 48,
                                                                                                        end: 49,
                                                                                                        start_line: 1,
                                                                                                        start_col: 49,
                                                                                                    },
                                                                                                },
                                                                                                args: None,
                                                                                            },
                                                                                        ],
                                                                                        span: Span {
                                                                                            start: 48,
                                                                                            end: 49,
                                                                                            start_line: 1,
                                                                                            start_col: 49,
                                                                                        },
                                                                                    },
                                                                                ),
                                                                                span: Span {
                                                                                    start: 48,
                                                                                    end: 49,
                                                                                    start_line: 1,
                                                                                    start_col: 49,
                                                                                },
                                                                            },
                                                                        },
                                                                        span: Span {
                                                                            start: 47,
                                                                            end: 49,
                                                                            start_line: 1,
                                                                            start_col: 48,
                                                                        },
                                                                    },
                                                                    value: Expr {
                                                                        kind: Path(
                                                                            ExprPath {
                                                                                segments: [
                                                                                    ExprPathSegment {
                                                                                        name: Spanned {
                                                                                            node: SymbolU32 {
                                                                                                value: 5,
                                                                                            },
                                                                                            span: Span {
                                                                                                start: 52,
                                                                                                end: 53,
                                                                                                start_line: 1,
                                                                                                start_col: 53,
                                                                                            },
                                                                                        },
                                                                                        args: None,
                                                                                    },
                                                                                ],
                                                                                span: Span {
                                                                                    start: 52,
                                                                                    end: 53,
                                                                                    start_line: 1,
                                                                                    start_col: 53,
                                                                                },
                                                                            },
                                                                        ),
                                                                        span: Span {
                                                                            start: 52,
                                                                            end: 53,
                                                                            start_line: 1,
                                                                            start_col: 53,
                                                                        },
                                                                    },
                                                                },
                                                                span: Span {
                                                                    start: 47,
                                                                    end: 53,
                                                                    start_line: 1,
                                                                    start_col: 48,
                                                                },
                                                            },
                                                        ),
                                                        span: Span {
                                                            start: 45,
                                                            end: 55,
                                                            start_line: 1,
                                                            start_col: 46,
                                                        },
                                                    },
                                                ),
                                                span: Span {
                                                    start: 45,
                                                    end: 55,
                                                    start_line: 1,
                                                    start_col: 46,
                                                },
                                            },
                                            span: Span {
                                                start: 19,
                                                end: 55,
                                                start_line: 1,
                                                start_col: 20,
                                            },
                                        },
                                    ],
                                },
                                span: Span {
                                    start: 9,
                                    end: 57,
                                    start_line: 1,
                                    start_col: 10,
                                },
                            },
                        ),
                        span: Span {
                            start: 7,
                            end: 59,
                            start_line: 1,
                            start_col: 8,
                        },
                    },
                ),
                span: Span {
                    start: 0,
                    end: 59,
                    start_line: 1,
                    start_col: 1,
                },
            },
        ),
    ],
    span: Span {
        start: 0,
        end: 59,
        start_line: 1,
        start_col: 1,
    },
}
