---
source: bloodc/src/parser/tests.rs
expression: parse_to_debug(source)
---
Program {
    module: None,
    imports: [],
    declarations: [
        Handler(
            HandlerDecl {
                attrs: [],
                kind: Deep,
                name: Spanned {
                    node: SymbolU32 {
                        value: 1,
                    },
                    span: Span {
                        start: 14,
                        end: 28,
                        start_line: 2,
                        start_col: 14,
                    },
                },
                type_params: None,
                effect: Type {
                    kind: Path(
                        TypePath {
                            segments: [
                                TypePathSegment {
                                    name: Spanned {
                                        node: SymbolU32 {
                                            value: 2,
                                        },
                                        span: Span {
                                            start: 33,
                                            end: 38,
                                            start_line: 2,
                                            start_col: 33,
                                        },
                                    },
                                    args: Some(
                                        TypeArgs {
                                            args: [
                                                Type(
                                                    Type {
                                                        kind: Path(
                                                            TypePath {
                                                                segments: [
                                                                    TypePathSegment {
                                                                        name: Spanned {
                                                                            node: SymbolU32 {
                                                                                value: 3,
                                                                            },
                                                                            span: Span {
                                                                                start: 39,
                                                                                end: 42,
                                                                                start_line: 2,
                                                                                start_col: 39,
                                                                            },
                                                                        },
                                                                        args: None,
                                                                    },
                                                                ],
                                                                span: Span {
                                                                    start: 39,
                                                                    end: 42,
                                                                    start_line: 2,
                                                                    start_col: 39,
                                                                },
                                                            },
                                                        ),
                                                        span: Span {
                                                            start: 39,
                                                            end: 42,
                                                            start_line: 2,
                                                            start_col: 39,
                                                        },
                                                    },
                                                ),
                                            ],
                                            span: Span {
                                                start: 38,
                                                end: 43,
                                                start_line: 2,
                                                start_col: 38,
                                            },
                                        },
                                    ),
                                },
                            ],
                            span: Span {
                                start: 33,
                                end: 43,
                                start_line: 2,
                                start_col: 33,
                            },
                        },
                    ),
                    span: Span {
                        start: 33,
                        end: 43,
                        start_line: 2,
                        start_col: 33,
                    },
                },
                where_clause: None,
                state: [
                    HandlerState {
                        is_mut: true,
                        name: Spanned {
                            node: SymbolU32 {
                                value: 4,
                            },
                            span: Span {
                                start: 58,
                                end: 63,
                                start_line: 3,
                                start_col: 13,
                            },
                        },
                        ty: Type {
                            kind: Path(
                                TypePath {
                                    segments: [
                                        TypePathSegment {
                                            name: Spanned {
                                                node: SymbolU32 {
                                                    value: 3,
                                                },
                                                span: Span {
                                                    start: 65,
                                                    end: 68,
                                                    start_line: 3,
                                                    start_col: 20,
                                                },
                                            },
                                            args: None,
                                        },
                                    ],
                                    span: Span {
                                        start: 65,
                                        end: 68,
                                        start_line: 3,
                                        start_col: 20,
                                    },
                                },
                            ),
                            span: Span {
                                start: 65,
                                end: 68,
                                start_line: 3,
                                start_col: 20,
                            },
                        },
                        default: Some(
                            Expr {
                                kind: Literal(
                                    Literal {
                                        kind: Int {
                                            value: 0,
                                            suffix: None,
                                        },
                                        span: Span {
                                            start: 71,
                                            end: 72,
                                            start_line: 3,
                                            start_col: 26,
                                        },
                                    },
                                ),
                                span: Span {
                                    start: 71,
                                    end: 72,
                                    start_line: 3,
                                    start_col: 26,
                                },
                            },
                        ),
                        span: Span {
                            start: 50,
                            end: 72,
                            start_line: 3,
                            start_col: 5,
                        },
                    },
                ],
                return_clause: Some(
                    ReturnClause {
                        param: Spanned {
                            node: SymbolU32 {
                                value: 5,
                            },
                            span: Span {
                                start: 85,
                                end: 86,
                                start_line: 5,
                                start_col: 12,
                            },
                        },
                        body: Block {
                            statements: [],
                            expr: Some(
                                Expr {
                                    kind: Path(
                                        ExprPath {
                                            segments: [
                                                ExprPathSegment {
                                                    name: Spanned {
                                                        node: SymbolU32 {
                                                            value: 5,
                                                        },
                                                        span: Span {
                                                            start: 90,
                                                            end: 91,
                                                            start_line: 5,
                                                            start_col: 17,
                                                        },
                                                    },
                                                    args: None,
                                                },
                                            ],
                                            span: Span {
                                                start: 90,
                                                end: 91,
                                                start_line: 5,
                                                start_col: 17,
                                            },
                                        },
                                    ),
                                    span: Span {
                                        start: 90,
                                        end: 91,
                                        start_line: 5,
                                        start_col: 17,
                                    },
                                },
                            ),
                            span: Span {
                                start: 88,
                                end: 93,
                                start_line: 5,
                                start_col: 15,
                            },
                        },
                        span: Span {
                            start: 78,
                            end: 93,
                            start_line: 5,
                            start_col: 5,
                        },
                    },
                ),
                operations: [
                    OperationImpl {
                        name: Spanned {
                            node: SymbolU32 {
                                value: 6,
                            },
                            span: Span {
                                start: 102,
                                end: 105,
                                start_line: 7,
                                start_col: 8,
                            },
                        },
                        params: [],
                        body: Block {
                            statements: [],
                            expr: Some(
                                Expr {
                                    kind: Resume(
                                        Expr {
                                            kind: Path(
                                                ExprPath {
                                                    segments: [
                                                        ExprPathSegment {
                                                            name: Spanned {
                                                                node: SymbolU32 {
                                                                    value: 4,
                                                                },
                                                                span: Span {
                                                                    start: 117,
                                                                    end: 122,
                                                                    start_line: 7,
                                                                    start_col: 23,
                                                                },
                                                            },
                                                            args: None,
                                                        },
                                                    ],
                                                    span: Span {
                                                        start: 117,
                                                        end: 122,
                                                        start_line: 7,
                                                        start_col: 23,
                                                    },
                                                },
                                            ),
                                            span: Span {
                                                start: 117,
                                                end: 122,
                                                start_line: 7,
                                                start_col: 23,
                                            },
                                        },
                                    ),
                                    span: Span {
                                        start: 110,
                                        end: 123,
                                        start_line: 7,
                                        start_col: 16,
                                    },
                                },
                            ),
                            span: Span {
                                start: 108,
                                end: 125,
                                start_line: 7,
                                start_col: 14,
                            },
                        },
                        span: Span {
                            start: 99,
                            end: 125,
                            start_line: 7,
                            start_col: 5,
                        },
                    },
                    OperationImpl {
                        name: Spanned {
                            node: SymbolU32 {
                                value: 7,
                            },
                            span: Span {
                                start: 133,
                                end: 136,
                                start_line: 8,
                                start_col: 8,
                            },
                        },
                        params: [
                            Pattern {
                                kind: Ident {
                                    by_ref: false,
                                    mutable: false,
                                    name: Spanned {
                                        node: SymbolU32 {
                                            value: 8,
                                        },
                                        span: Span {
                                            start: 137,
                                            end: 138,
                                            start_line: 8,
                                            start_col: 12,
                                        },
                                    },
                                    subpattern: None,
                                },
                                span: Span {
                                    start: 137,
                                    end: 138,
                                    start_line: 8,
                                    start_col: 12,
                                },
                            },
                        ],
                        body: Block {
                            statements: [
                                Expr {
                                    expr: Expr {
                                        kind: Assign {
                                            target: Expr {
                                                kind: Path(
                                                    ExprPath {
                                                        segments: [
                                                            ExprPathSegment {
                                                                name: Spanned {
                                                                    node: SymbolU32 {
                                                                        value: 4,
                                                                    },
                                                                    span: Span {
                                                                        start: 142,
                                                                        end: 147,
                                                                        start_line: 8,
                                                                        start_col: 17,
                                                                    },
                                                                },
                                                                args: None,
                                                            },
                                                        ],
                                                        span: Span {
                                                            start: 142,
                                                            end: 147,
                                                            start_line: 8,
                                                            start_col: 17,
                                                        },
                                                    },
                                                ),
                                                span: Span {
                                                    start: 142,
                                                    end: 147,
                                                    start_line: 8,
                                                    start_col: 17,
                                                },
                                            },
                                            value: Expr {
                                                kind: Path(
                                                    ExprPath {
                                                        segments: [
                                                            ExprPathSegment {
                                                                name: Spanned {
                                                                    node: SymbolU32 {
                                                                        value: 8,
                                                                    },
                                                                    span: Span {
                                                                        start: 150,
                                                                        end: 151,
                                                                        start_line: 8,
                                                                        start_col: 25,
                                                                    },
                                                                },
                                                                args: None,
                                                            },
                                                        ],
                                                        span: Span {
                                                            start: 150,
                                                            end: 151,
                                                            start_line: 8,
                                                            start_col: 25,
                                                        },
                                                    },
                                                ),
                                                span: Span {
                                                    start: 150,
                                                    end: 151,
                                                    start_line: 8,
                                                    start_col: 25,
                                                },
                                            },
                                        },
                                        span: Span {
                                            start: 142,
                                            end: 151,
                                            start_line: 8,
                                            start_col: 17,
                                        },
                                    },
                                    has_semi: true,
                                },
                            ],
                            expr: Some(
                                Expr {
                                    kind: Resume(
                                        Expr {
                                            kind: Tuple(
                                                [],
                                            ),
                                            span: Span {
                                                start: 160,
                                                end: 162,
                                                start_line: 8,
                                                start_col: 35,
                                            },
                                        },
                                    ),
                                    span: Span {
                                        start: 153,
                                        end: 163,
                                        start_line: 8,
                                        start_col: 28,
                                    },
                                },
                            ),
                            span: Span {
                                start: 140,
                                end: 165,
                                start_line: 8,
                                start_col: 15,
                            },
                        },
                        span: Span {
                            start: 130,
                            end: 165,
                            start_line: 8,
                            start_col: 5,
                        },
                    },
                ],
                span: Span {
                    start: 1,
                    end: 167,
                    start_line: 2,
                    start_col: 1,
                },
            },
        ),
    ],
    span: Span {
        start: 1,
        end: 167,
        start_line: 2,
        start_col: 1,
    },
}
