---
source: bloodc/src/parser/tests.rs
expression: parse_to_debug(source)
---
Program {
    module: None,
    imports: [],
    declarations: [
        Function(
            FnDecl {
                attrs: [],
                vis: Private,
                qualifiers: FnQualifiers {
                    is_const: false,
                    is_async: false,
                    is_unsafe: false,
                },
                name: Spanned {
                    node: SymbolU32 {
                        value: 1,
                    },
                    span: Span {
                        start: 4,
                        end: 5,
                        start_line: 2,
                        start_col: 4,
                    },
                },
                type_params: None,
                params: [],
                return_type: None,
                effects: None,
                where_clause: None,
                body: Some(
                    Block {
                        statements: [],
                        expr: Some(
                            Expr {
                                kind: IfLet {
                                    pattern: Pattern {
                                        kind: TupleStruct {
                                            path: TypePath {
                                                segments: [
                                                    TypePathSegment {
                                                        name: Spanned {
                                                            node: SymbolU32 {
                                                                value: 2,
                                                            },
                                                            span: Span {
                                                                start: 21,
                                                                end: 25,
                                                                start_line: 3,
                                                                start_col: 12,
                                                            },
                                                        },
                                                        args: None,
                                                    },
                                                ],
                                                span: Span {
                                                    start: 21,
                                                    end: 25,
                                                    start_line: 3,
                                                    start_col: 12,
                                                },
                                            },
                                            fields: [
                                                Pattern {
                                                    kind: Ident {
                                                        by_ref: false,
                                                        mutable: false,
                                                        name: Spanned {
                                                            node: SymbolU32 {
                                                                value: 3,
                                                            },
                                                            span: Span {
                                                                start: 26,
                                                                end: 27,
                                                                start_line: 3,
                                                                start_col: 17,
                                                            },
                                                        },
                                                        subpattern: None,
                                                    },
                                                    span: Span {
                                                        start: 26,
                                                        end: 27,
                                                        start_line: 3,
                                                        start_col: 17,
                                                    },
                                                },
                                            ],
                                            rest_pos: None,
                                        },
                                        span: Span {
                                            start: 21,
                                            end: 28,
                                            start_line: 3,
                                            start_col: 12,
                                        },
                                    },
                                    scrutinee: Expr {
                                        kind: Path(
                                            ExprPath {
                                                segments: [
                                                    ExprPathSegment {
                                                        name: Spanned {
                                                            node: SymbolU32 {
                                                                value: 4,
                                                            },
                                                            span: Span {
                                                                start: 31,
                                                                end: 32,
                                                                start_line: 3,
                                                                start_col: 22,
                                                            },
                                                        },
                                                        args: None,
                                                    },
                                                ],
                                                span: Span {
                                                    start: 31,
                                                    end: 32,
                                                    start_line: 3,
                                                    start_col: 22,
                                                },
                                            },
                                        ),
                                        span: Span {
                                            start: 31,
                                            end: 32,
                                            start_line: 3,
                                            start_col: 22,
                                        },
                                    },
                                    then_branch: Block {
                                        statements: [],
                                        expr: Some(
                                            Expr {
                                                kind: Path(
                                                    ExprPath {
                                                        segments: [
                                                            ExprPathSegment {
                                                                name: Spanned {
                                                                    node: SymbolU32 {
                                                                        value: 3,
                                                                    },
                                                                    span: Span {
                                                                        start: 43,
                                                                        end: 44,
                                                                        start_line: 4,
                                                                        start_col: 9,
                                                                    },
                                                                },
                                                                args: None,
                                                            },
                                                        ],
                                                        span: Span {
                                                            start: 43,
                                                            end: 44,
                                                            start_line: 4,
                                                            start_col: 9,
                                                        },
                                                    },
                                                ),
                                                span: Span {
                                                    start: 43,
                                                    end: 44,
                                                    start_line: 4,
                                                    start_col: 9,
                                                },
                                            },
                                        ),
                                        span: Span {
                                            start: 33,
                                            end: 50,
                                            start_line: 3,
                                            start_col: 24,
                                        },
                                    },
                                    else_branch: Some(
                                        If(
                                            Expr {
                                                kind: IfLet {
                                                    pattern: Pattern {
                                                        kind: TupleStruct {
                                                            path: TypePath {
                                                                segments: [
                                                                    TypePathSegment {
                                                                        name: Spanned {
                                                                            node: SymbolU32 {
                                                                                value: 2,
                                                                            },
                                                                            span: Span {
                                                                                start: 63,
                                                                                end: 67,
                                                                                start_line: 5,
                                                                                start_col: 19,
                                                                            },
                                                                        },
                                                                        args: None,
                                                                    },
                                                                ],
                                                                span: Span {
                                                                    start: 63,
                                                                    end: 67,
                                                                    start_line: 5,
                                                                    start_col: 19,
                                                                },
                                                            },
                                                            fields: [
                                                                Pattern {
                                                                    kind: Ident {
                                                                        by_ref: false,
                                                                        mutable: false,
                                                                        name: Spanned {
                                                                            node: SymbolU32 {
                                                                                value: 5,
                                                                            },
                                                                            span: Span {
                                                                                start: 68,
                                                                                end: 69,
                                                                                start_line: 5,
                                                                                start_col: 24,
                                                                            },
                                                                        },
                                                                        subpattern: None,
                                                                    },
                                                                    span: Span {
                                                                        start: 68,
                                                                        end: 69,
                                                                        start_line: 5,
                                                                        start_col: 24,
                                                                    },
                                                                },
                                                            ],
                                                            rest_pos: None,
                                                        },
                                                        span: Span {
                                                            start: 63,
                                                            end: 70,
                                                            start_line: 5,
                                                            start_col: 19,
                                                        },
                                                    },
                                                    scrutinee: Expr {
                                                        kind: Path(
                                                            ExprPath {
                                                                segments: [
                                                                    ExprPathSegment {
                                                                        name: Spanned {
                                                                            node: SymbolU32 {
                                                                                value: 6,
                                                                            },
                                                                            span: Span {
                                                                                start: 73,
                                                                                end: 74,
                                                                                start_line: 5,
                                                                                start_col: 29,
                                                                            },
                                                                        },
                                                                        args: None,
                                                                    },
                                                                ],
                                                                span: Span {
                                                                    start: 73,
                                                                    end: 74,
                                                                    start_line: 5,
                                                                    start_col: 29,
                                                                },
                                                            },
                                                        ),
                                                        span: Span {
                                                            start: 73,
                                                            end: 74,
                                                            start_line: 5,
                                                            start_col: 29,
                                                        },
                                                    },
                                                    then_branch: Block {
                                                        statements: [],
                                                        expr: Some(
                                                            Expr {
                                                                kind: Path(
                                                                    ExprPath {
                                                                        segments: [
                                                                            ExprPathSegment {
                                                                                name: Spanned {
                                                                                    node: SymbolU32 {
                                                                                        value: 5,
                                                                                    },
                                                                                    span: Span {
                                                                                        start: 85,
                                                                                        end: 86,
                                                                                        start_line: 6,
                                                                                        start_col: 9,
                                                                                    },
                                                                                },
                                                                                args: None,
                                                                            },
                                                                        ],
                                                                        span: Span {
                                                                            start: 85,
                                                                            end: 86,
                                                                            start_line: 6,
                                                                            start_col: 9,
                                                                        },
                                                                    },
                                                                ),
                                                                span: Span {
                                                                    start: 85,
                                                                    end: 86,
                                                                    start_line: 6,
                                                                    start_col: 9,
                                                                },
                                                            },
                                                        ),
                                                        span: Span {
                                                            start: 75,
                                                            end: 92,
                                                            start_line: 5,
                                                            start_col: 31,
                                                        },
                                                    },
                                                    else_branch: Some(
                                                        Block(
                                                            Block {
                                                                statements: [],
                                                                expr: Some(
                                                                    Expr {
                                                                        kind: Literal(
                                                                            Literal {
                                                                                kind: Int {
                                                                                    value: 0,
                                                                                    suffix: None,
                                                                                },
                                                                                span: Span {
                                                                                    start: 108,
                                                                                    end: 109,
                                                                                    start_line: 8,
                                                                                    start_col: 9,
                                                                                },
                                                                            },
                                                                        ),
                                                                        span: Span {
                                                                            start: 108,
                                                                            end: 109,
                                                                            start_line: 8,
                                                                            start_col: 9,
                                                                        },
                                                                    },
                                                                ),
                                                                span: Span {
                                                                    start: 98,
                                                                    end: 115,
                                                                    start_line: 7,
                                                                    start_col: 12,
                                                                },
                                                            },
                                                        ),
                                                    ),
                                                },
                                                span: Span {
                                                    start: 56,
                                                    end: 115,
                                                    start_line: 5,
                                                    start_col: 12,
                                                },
                                            },
                                        ),
                                    ),
                                },
                                span: Span {
                                    start: 14,
                                    end: 115,
                                    start_line: 3,
                                    start_col: 5,
                                },
                            },
                        ),
                        span: Span {
                            start: 8,
                            end: 117,
                            start_line: 2,
                            start_col: 8,
                        },
                    },
                ),
                span: Span {
                    start: 1,
                    end: 117,
                    start_line: 2,
                    start_col: 1,
                },
            },
        ),
    ],
    span: Span {
        start: 1,
        end: 117,
        start_line: 2,
        start_col: 1,
    },
}
