---
source: bloodc/src/parser/tests.rs
expression: parse_to_debug(source)
---
Program {
    module: None,
    imports: [],
    declarations: [
        Function(
            FnDecl {
                attrs: [],
                vis: Private,
                qualifiers: FnQualifiers {
                    is_const: false,
                    is_async: false,
                    is_unsafe: false,
                },
                name: Spanned {
                    node: SymbolU32 {
                        value: 1,
                    },
                    span: Span {
                        start: 4,
                        end: 5,
                        start_line: 2,
                        start_col: 4,
                    },
                },
                type_params: None,
                params: [
                    Param {
                        qualifier: None,
                        pattern: Pattern {
                            kind: Ident {
                                by_ref: false,
                                mutable: false,
                                name: Spanned {
                                    node: SymbolU32 {
                                        value: 2,
                                    },
                                    span: Span {
                                        start: 6,
                                        end: 7,
                                        start_line: 2,
                                        start_col: 6,
                                    },
                                },
                                subpattern: None,
                            },
                            span: Span {
                                start: 6,
                                end: 7,
                                start_line: 2,
                                start_col: 6,
                            },
                        },
                        ty: Type {
                            kind: Reference {
                                lifetime: None,
                                mutable: false,
                                inner: Type {
                                    kind: Path(
                                        TypePath {
                                            segments: [
                                                TypePathSegment {
                                                    name: Spanned {
                                                        node: SymbolU32 {
                                                            value: 3,
                                                        },
                                                        span: Span {
                                                            start: 10,
                                                            end: 14,
                                                            start_line: 2,
                                                            start_col: 10,
                                                        },
                                                    },
                                                    args: None,
                                                },
                                            ],
                                            span: Span {
                                                start: 10,
                                                end: 14,
                                                start_line: 2,
                                                start_col: 10,
                                            },
                                        },
                                    ),
                                    span: Span {
                                        start: 10,
                                        end: 14,
                                        start_line: 2,
                                        start_col: 10,
                                    },
                                },
                            },
                            span: Span {
                                start: 9,
                                end: 14,
                                start_line: 2,
                                start_col: 9,
                            },
                        },
                        span: Span {
                            start: 6,
                            end: 14,
                            start_line: 2,
                            start_col: 6,
                        },
                    },
                ],
                return_type: Some(
                    Type {
                        kind: Path(
                            TypePath {
                                segments: [
                                    TypePathSegment {
                                        name: Spanned {
                                            node: SymbolU32 {
                                                value: 4,
                                            },
                                            span: Span {
                                                start: 19,
                                                end: 22,
                                                start_line: 2,
                                                start_col: 19,
                                            },
                                        },
                                        args: None,
                                    },
                                ],
                                span: Span {
                                    start: 19,
                                    end: 22,
                                    start_line: 2,
                                    start_col: 19,
                                },
                            },
                        ),
                        span: Span {
                            start: 19,
                            end: 22,
                            start_line: 2,
                            start_col: 19,
                        },
                    },
                ),
                effects: None,
                where_clause: None,
                body: Some(
                    Block {
                        statements: [],
                        expr: Some(
                            Expr {
                                kind: Match {
                                    scrutinee: Expr {
                                        kind: Path(
                                            ExprPath {
                                                segments: [
                                                    ExprPathSegment {
                                                        name: Spanned {
                                                            node: SymbolU32 {
                                                                value: 2,
                                                            },
                                                            span: Span {
                                                                start: 35,
                                                                end: 36,
                                                                start_line: 3,
                                                                start_col: 11,
                                                            },
                                                        },
                                                        args: None,
                                                    },
                                                ],
                                                span: Span {
                                                    start: 35,
                                                    end: 36,
                                                    start_line: 3,
                                                    start_col: 11,
                                                },
                                            },
                                        ),
                                        span: Span {
                                            start: 35,
                                            end: 36,
                                            start_line: 3,
                                            start_col: 11,
                                        },
                                    },
                                    arms: [
                                        MatchArm {
                                            pattern: Pattern {
                                                kind: Ref {
                                                    mutable: false,
                                                    inner: Pattern {
                                                        kind: Path(
                                                            TypePath {
                                                                segments: [
                                                                    TypePathSegment {
                                                                        name: Spanned {
                                                                            node: SymbolU32 {
                                                                                value: 3,
                                                                            },
                                                                            span: Span {
                                                                                start: 48,
                                                                                end: 52,
                                                                                start_line: 4,
                                                                                start_col: 10,
                                                                            },
                                                                        },
                                                                        args: None,
                                                                    },
                                                                    TypePathSegment {
                                                                        name: Spanned {
                                                                            node: SymbolU32 {
                                                                                value: 5,
                                                                            },
                                                                            span: Span {
                                                                                start: 54,
                                                                                end: 55,
                                                                                start_line: 4,
                                                                                start_col: 16,
                                                                            },
                                                                        },
                                                                        args: None,
                                                                    },
                                                                ],
                                                                span: Span {
                                                                    start: 48,
                                                                    end: 55,
                                                                    start_line: 4,
                                                                    start_col: 10,
                                                                },
                                                            },
                                                        ),
                                                        span: Span {
                                                            start: 48,
                                                            end: 55,
                                                            start_line: 4,
                                                            start_col: 10,
                                                        },
                                                    },
                                                },
                                                span: Span {
                                                    start: 47,
                                                    end: 55,
                                                    start_line: 4,
                                                    start_col: 9,
                                                },
                                            },
                                            guard: None,
                                            body: Expr {
                                                kind: Block(
                                                    Block {
                                                        statements: [],
                                                        expr: Some(
                                                            Expr {
                                                                kind: Literal(
                                                                    Literal {
                                                                        kind: Int {
                                                                            value: 1,
                                                                            suffix: None,
                                                                        },
                                                                        span: Span {
                                                                            start: 61,
                                                                            end: 62,
                                                                            start_line: 4,
                                                                            start_col: 23,
                                                                        },
                                                                    },
                                                                ),
                                                                span: Span {
                                                                    start: 61,
                                                                    end: 62,
                                                                    start_line: 4,
                                                                    start_col: 23,
                                                                },
                                                            },
                                                        ),
                                                        span: Span {
                                                            start: 59,
                                                            end: 64,
                                                            start_line: 4,
                                                            start_col: 21,
                                                        },
                                                    },
                                                ),
                                                span: Span {
                                                    start: 59,
                                                    end: 64,
                                                    start_line: 4,
                                                    start_col: 21,
                                                },
                                            },
                                            span: Span {
                                                start: 47,
                                                end: 64,
                                                start_line: 4,
                                                start_col: 9,
                                            },
                                        },
                                        MatchArm {
                                            pattern: Pattern {
                                                kind: Ref {
                                                    mutable: false,
                                                    inner: Pattern {
                                                        kind: Path(
                                                            TypePath {
                                                                segments: [
                                                                    TypePathSegment {
                                                                        name: Spanned {
                                                                            node: SymbolU32 {
                                                                                value: 3,
                                                                            },
                                                                            span: Span {
                                                                                start: 74,
                                                                                end: 78,
                                                                                start_line: 5,
                                                                                start_col: 10,
                                                                            },
                                                                        },
                                                                        args: None,
                                                                    },
                                                                    TypePathSegment {
                                                                        name: Spanned {
                                                                            node: SymbolU32 {
                                                                                value: 6,
                                                                            },
                                                                            span: Span {
                                                                                start: 80,
                                                                                end: 81,
                                                                                start_line: 5,
                                                                                start_col: 16,
                                                                            },
                                                                        },
                                                                        args: None,
                                                                    },
                                                                ],
                                                                span: Span {
                                                                    start: 74,
                                                                    end: 81,
                                                                    start_line: 5,
                                                                    start_col: 10,
                                                                },
                                                            },
                                                        ),
                                                        span: Span {
                                                            start: 74,
                                                            end: 81,
                                                            start_line: 5,
                                                            start_col: 10,
                                                        },
                                                    },
                                                },
                                                span: Span {
                                                    start: 73,
                                                    end: 81,
                                                    start_line: 5,
                                                    start_col: 9,
                                                },
                                            },
                                            guard: None,
                                            body: Expr {
                                                kind: Block(
                                                    Block {
                                                        statements: [],
                                                        expr: Some(
                                                            Expr {
                                                                kind: Literal(
                                                                    Literal {
                                                                        kind: Int {
                                                                            value: 2,
                                                                            suffix: None,
                                                                        },
                                                                        span: Span {
                                                                            start: 87,
                                                                            end: 88,
                                                                            start_line: 5,
                                                                            start_col: 23,
                                                                        },
                                                                    },
                                                                ),
                                                                span: Span {
                                                                    start: 87,
                                                                    end: 88,
                                                                    start_line: 5,
                                                                    start_col: 23,
                                                                },
                                                            },
                                                        ),
                                                        span: Span {
                                                            start: 85,
                                                            end: 90,
                                                            start_line: 5,
                                                            start_col: 21,
                                                        },
                                                    },
                                                ),
                                                span: Span {
                                                    start: 85,
                                                    end: 90,
                                                    start_line: 5,
                                                    start_col: 21,
                                                },
                                            },
                                            span: Span {
                                                start: 73,
                                                end: 90,
                                                start_line: 5,
                                                start_col: 9,
                                            },
                                        },
                                        MatchArm {
                                            pattern: Pattern {
                                                kind: Ref {
                                                    mutable: false,
                                                    inner: Pattern {
                                                        kind: Path(
                                                            TypePath {
                                                                segments: [
                                                                    TypePathSegment {
                                                                        name: Spanned {
                                                                            node: SymbolU32 {
                                                                                value: 3,
                                                                            },
                                                                            span: Span {
                                                                                start: 100,
                                                                                end: 104,
                                                                                start_line: 6,
                                                                                start_col: 10,
                                                                            },
                                                                        },
                                                                        args: None,
                                                                    },
                                                                    TypePathSegment {
                                                                        name: Spanned {
                                                                            node: SymbolU32 {
                                                                                value: 7,
                                                                            },
                                                                            span: Span {
                                                                                start: 106,
                                                                                end: 107,
                                                                                start_line: 6,
                                                                                start_col: 16,
                                                                            },
                                                                        },
                                                                        args: None,
                                                                    },
                                                                ],
                                                                span: Span {
                                                                    start: 100,
                                                                    end: 107,
                                                                    start_line: 6,
                                                                    start_col: 10,
                                                                },
                                                            },
                                                        ),
                                                        span: Span {
                                                            start: 100,
                                                            end: 107,
                                                            start_line: 6,
                                                            start_col: 10,
                                                        },
                                                    },
                                                },
                                                span: Span {
                                                    start: 99,
                                                    end: 107,
                                                    start_line: 6,
                                                    start_col: 9,
                                                },
                                            },
                                            guard: None,
                                            body: Expr {
                                                kind: Block(
                                                    Block {
                                                        statements: [],
                                                        expr: Some(
                                                            Expr {
                                                                kind: Literal(
                                                                    Literal {
                                                                        kind: Int {
                                                                            value: 3,
                                                                            suffix: None,
                                                                        },
                                                                        span: Span {
                                                                            start: 113,
                                                                            end: 114,
                                                                            start_line: 6,
                                                                            start_col: 23,
                                                                        },
                                                                    },
                                                                ),
                                                                span: Span {
                                                                    start: 113,
                                                                    end: 114,
                                                                    start_line: 6,
                                                                    start_col: 23,
                                                                },
                                                            },
                                                        ),
                                                        span: Span {
                                                            start: 111,
                                                            end: 116,
                                                            start_line: 6,
                                                            start_col: 21,
                                                        },
                                                    },
                                                ),
                                                span: Span {
                                                    start: 111,
                                                    end: 116,
                                                    start_line: 6,
                                                    start_col: 21,
                                                },
                                            },
                                            span: Span {
                                                start: 99,
                                                end: 116,
                                                start_line: 6,
                                                start_col: 9,
                                            },
                                        },
                                    ],
                                },
                                span: Span {
                                    start: 29,
                                    end: 122,
                                    start_line: 3,
                                    start_col: 5,
                                },
                            },
                        ),
                        span: Span {
                            start: 23,
                            end: 124,
                            start_line: 2,
                            start_col: 23,
                        },
                    },
                ),
                span: Span {
                    start: 1,
                    end: 124,
                    start_line: 2,
                    start_col: 1,
                },
            },
        ),
    ],
    span: Span {
        start: 1,
        end: 124,
        start_line: 2,
        start_col: 1,
    },
}
