---
source: bloodc/src/parser/tests.rs
expression: parse_to_debug(source)
---
Program {
    module: None,
    imports: [],
    declarations: [
        Struct(
            StructDecl {
                attrs: [],
                vis: Private,
                name: Spanned {
                    node: SymbolU32 {
                        value: 1,
                    },
                    span: Span {
                        start: 8,
                        end: 9,
                        start_line: 2,
                        start_col: 8,
                    },
                },
                type_params: None,
                body: Record(
                    [
                        StructField {
                            attrs: [],
                            vis: Private,
                            name: Spanned {
                                node: SymbolU32 {
                                    value: 2,
                                },
                                span: Span {
                                    start: 16,
                                    end: 22,
                                    start_line: 3,
                                    start_col: 5,
                                },
                            },
                            ty: Type {
                                kind: Path(
                                    TypePath {
                                        segments: [
                                            TypePathSegment {
                                                name: Spanned {
                                                    node: SymbolU32 {
                                                        value: 3,
                                                    },
                                                    span: Span {
                                                        start: 24,
                                                        end: 27,
                                                        start_line: 3,
                                                        start_col: 13,
                                                    },
                                                },
                                                args: None,
                                            },
                                        ],
                                        span: Span {
                                            start: 24,
                                            end: 27,
                                            start_line: 3,
                                            start_col: 13,
                                        },
                                    },
                                ),
                                span: Span {
                                    start: 24,
                                    end: 27,
                                    start_line: 3,
                                    start_col: 13,
                                },
                            },
                            span: Span {
                                start: 16,
                                end: 27,
                                start_line: 3,
                                start_col: 5,
                            },
                        },
                        StructField {
                            attrs: [],
                            vis: Private,
                            name: Spanned {
                                node: SymbolU32 {
                                    value: 4,
                                },
                                span: Span {
                                    start: 33,
                                    end: 40,
                                    start_line: 4,
                                    start_col: 5,
                                },
                            },
                            ty: Type {
                                kind: Path(
                                    TypePath {
                                        segments: [
                                            TypePathSegment {
                                                name: Spanned {
                                                    node: SymbolU32 {
                                                        value: 3,
                                                    },
                                                    span: Span {
                                                        start: 42,
                                                        end: 45,
                                                        start_line: 4,
                                                        start_col: 14,
                                                    },
                                                },
                                                args: None,
                                            },
                                        ],
                                        span: Span {
                                            start: 42,
                                            end: 45,
                                            start_line: 4,
                                            start_col: 14,
                                        },
                                    },
                                ),
                                span: Span {
                                    start: 42,
                                    end: 45,
                                    start_line: 4,
                                    start_col: 14,
                                },
                            },
                            span: Span {
                                start: 33,
                                end: 45,
                                start_line: 4,
                                start_col: 5,
                            },
                        },
                        StructField {
                            attrs: [],
                            vis: Private,
                            name: Spanned {
                                node: SymbolU32 {
                                    value: 5,
                                },
                                span: Span {
                                    start: 51,
                                    end: 55,
                                    start_line: 5,
                                    start_col: 5,
                                },
                            },
                            ty: Type {
                                kind: Path(
                                    TypePath {
                                        segments: [
                                            TypePathSegment {
                                                name: Spanned {
                                                    node: SymbolU32 {
                                                        value: 6,
                                                    },
                                                    span: Span {
                                                        start: 57,
                                                        end: 61,
                                                        start_line: 5,
                                                        start_col: 11,
                                                    },
                                                },
                                                args: None,
                                            },
                                        ],
                                        span: Span {
                                            start: 57,
                                            end: 61,
                                            start_line: 5,
                                            start_col: 11,
                                        },
                                    },
                                ),
                                span: Span {
                                    start: 57,
                                    end: 61,
                                    start_line: 5,
                                    start_col: 11,
                                },
                            },
                            span: Span {
                                start: 51,
                                end: 61,
                                start_line: 5,
                                start_col: 5,
                            },
                        },
                    ],
                ),
                span: Span {
                    start: 1,
                    end: 64,
                    start_line: 2,
                    start_col: 1,
                },
            },
        ),
    ],
    span: Span {
        start: 1,
        end: 64,
        start_line: 2,
        start_col: 1,
    },
}
