---
source: bloodc/src/parser/tests.rs
expression: parse_to_debug(source)
---
Program {
    module: None,
    imports: [],
    declarations: [
        Function(
            FnDecl {
                attrs: [],
                vis: Private,
                qualifiers: FnQualifiers {
                    is_const: false,
                    is_async: false,
                    is_unsafe: false,
                },
                name: Spanned {
                    node: SymbolU32 {
                        value: 1,
                    },
                    span: Span {
                        start: 3,
                        end: 4,
                        start_line: 1,
                        start_col: 4,
                    },
                },
                type_params: None,
                params: [],
                return_type: None,
                effects: None,
                where_clause: None,
                body: Some(
                    Block {
                        statements: [],
                        expr: None,
                        span: Span {
                            start: 7,
                            end: 9,
                            start_line: 1,
                            start_col: 8,
                        },
                    },
                ),
                span: Span {
                    start: 0,
                    end: 9,
                    start_line: 1,
                    start_col: 1,
                },
            },
        ),
    ],
    span: Span {
        start: 0,
        end: 9,
        start_line: 1,
        start_col: 1,
    },
}
