---
source: bloodc/src/parser/tests.rs
expression: parse_to_debug(source)
---
Program {
    module: None,
    imports: [],
    declarations: [
        Effect(
            EffectDecl {
                attrs: [],
                name: Spanned {
                    node: SymbolU32 {
                        value: 1,
                    },
                    span: Span {
                        start: 8,
                        end: 13,
                        start_line: 2,
                        start_col: 8,
                    },
                },
                type_params: Some(
                    TypeParams {
                        params: [
                            Type(
                                TypeParam {
                                    name: Spanned {
                                        node: SymbolU32 {
                                            value: 2,
                                        },
                                        span: Span {
                                            start: 14,
                                            end: 15,
                                            start_line: 2,
                                            start_col: 14,
                                        },
                                    },
                                    bounds: [],
                                    span: Span {
                                        start: 14,
                                        end: 15,
                                        start_line: 2,
                                        start_col: 14,
                                    },
                                },
                            ),
                        ],
                        span: Span {
                            start: 13,
                            end: 16,
                            start_line: 2,
                            start_col: 13,
                        },
                    },
                ),
                extends: [],
                operations: [
                    OperationDecl {
                        name: Spanned {
                            node: SymbolU32 {
                                value: 3,
                            },
                            span: Span {
                                start: 26,
                                end: 29,
                                start_line: 3,
                                start_col: 8,
                            },
                        },
                        type_params: None,
                        params: [],
                        return_type: Type {
                            kind: Path(
                                TypePath {
                                    segments: [
                                        TypePathSegment {
                                            name: Spanned {
                                                node: SymbolU32 {
                                                    value: 2,
                                                },
                                                span: Span {
                                                    start: 35,
                                                    end: 36,
                                                    start_line: 3,
                                                    start_col: 17,
                                                },
                                            },
                                            args: None,
                                        },
                                    ],
                                    span: Span {
                                        start: 35,
                                        end: 36,
                                        start_line: 3,
                                        start_col: 17,
                                    },
                                },
                            ),
                            span: Span {
                                start: 35,
                                end: 36,
                                start_line: 3,
                                start_col: 17,
                            },
                        },
                        span: Span {
                            start: 23,
                            end: 37,
                            start_line: 3,
                            start_col: 5,
                        },
                    },
                    OperationDecl {
                        name: Spanned {
                            node: SymbolU32 {
                                value: 4,
                            },
                            span: Span {
                                start: 45,
                                end: 48,
                                start_line: 4,
                                start_col: 8,
                            },
                        },
                        type_params: None,
                        params: [
                            Param {
                                qualifier: None,
                                pattern: Pattern {
                                    kind: Ident {
                                        by_ref: false,
                                        mutable: false,
                                        name: Spanned {
                                            node: SymbolU32 {
                                                value: 5,
                                            },
                                            span: Span {
                                                start: 49,
                                                end: 50,
                                                start_line: 4,
                                                start_col: 12,
                                            },
                                        },
                                        subpattern: None,
                                    },
                                    span: Span {
                                        start: 49,
                                        end: 50,
                                        start_line: 4,
                                        start_col: 12,
                                    },
                                },
                                ty: Type {
                                    kind: Path(
                                        TypePath {
                                            segments: [
                                                TypePathSegment {
                                                    name: Spanned {
                                                        node: SymbolU32 {
                                                            value: 2,
                                                        },
                                                        span: Span {
                                                            start: 52,
                                                            end: 53,
                                                            start_line: 4,
                                                            start_col: 15,
                                                        },
                                                    },
                                                    args: None,
                                                },
                                            ],
                                            span: Span {
                                                start: 52,
                                                end: 53,
                                                start_line: 4,
                                                start_col: 15,
                                            },
                                        },
                                    ),
                                    span: Span {
                                        start: 52,
                                        end: 53,
                                        start_line: 4,
                                        start_col: 15,
                                    },
                                },
                                span: Span {
                                    start: 49,
                                    end: 53,
                                    start_line: 4,
                                    start_col: 12,
                                },
                            },
                        ],
                        return_type: Type {
                            kind: Path(
                                TypePath {
                                    segments: [
                                        TypePathSegment {
                                            name: Spanned {
                                                node: SymbolU32 {
                                                    value: 6,
                                                },
                                                span: Span {
                                                    start: 58,
                                                    end: 62,
                                                    start_line: 4,
                                                    start_col: 21,
                                                },
                                            },
                                            args: None,
                                        },
                                    ],
                                    span: Span {
                                        start: 58,
                                        end: 62,
                                        start_line: 4,
                                        start_col: 21,
                                    },
                                },
                            ),
                            span: Span {
                                start: 58,
                                end: 62,
                                start_line: 4,
                                start_col: 21,
                            },
                        },
                        span: Span {
                            start: 42,
                            end: 63,
                            start_line: 4,
                            start_col: 5,
                        },
                    },
                ],
                span: Span {
                    start: 1,
                    end: 65,
                    start_line: 2,
                    start_col: 1,
                },
            },
        ),
        Handler(
            HandlerDecl {
                attrs: [],
                kind: Deep,
                name: Spanned {
                    node: SymbolU32 {
                        value: 7,
                    },
                    span: Span {
                        start: 80,
                        end: 90,
                        start_line: 7,
                        start_col: 14,
                    },
                },
                type_params: Some(
                    TypeParams {
                        params: [
                            Type(
                                TypeParam {
                                    name: Spanned {
                                        node: SymbolU32 {
                                            value: 2,
                                        },
                                        span: Span {
                                            start: 91,
                                            end: 92,
                                            start_line: 7,
                                            start_col: 25,
                                        },
                                    },
                                    bounds: [],
                                    span: Span {
                                        start: 91,
                                        end: 92,
                                        start_line: 7,
                                        start_col: 25,
                                    },
                                },
                            ),
                        ],
                        span: Span {
                            start: 90,
                            end: 93,
                            start_line: 7,
                            start_col: 24,
                        },
                    },
                ),
                effect: Type {
                    kind: Path(
                        TypePath {
                            segments: [
                                TypePathSegment {
                                    name: Spanned {
                                        node: SymbolU32 {
                                            value: 1,
                                        },
                                        span: Span {
                                            start: 98,
                                            end: 103,
                                            start_line: 7,
                                            start_col: 32,
                                        },
                                    },
                                    args: Some(
                                        TypeArgs {
                                            args: [
                                                Type(
                                                    Type {
                                                        kind: Path(
                                                            TypePath {
                                                                segments: [
                                                                    TypePathSegment {
                                                                        name: Spanned {
                                                                            node: SymbolU32 {
                                                                                value: 2,
                                                                            },
                                                                            span: Span {
                                                                                start: 104,
                                                                                end: 105,
                                                                                start_line: 7,
                                                                                start_col: 38,
                                                                            },
                                                                        },
                                                                        args: None,
                                                                    },
                                                                ],
                                                                span: Span {
                                                                    start: 104,
                                                                    end: 105,
                                                                    start_line: 7,
                                                                    start_col: 38,
                                                                },
                                                            },
                                                        ),
                                                        span: Span {
                                                            start: 104,
                                                            end: 105,
                                                            start_line: 7,
                                                            start_col: 38,
                                                        },
                                                    },
                                                ),
                                            ],
                                            span: Span {
                                                start: 103,
                                                end: 106,
                                                start_line: 7,
                                                start_col: 37,
                                            },
                                        },
                                    ),
                                },
                            ],
                            span: Span {
                                start: 98,
                                end: 106,
                                start_line: 7,
                                start_col: 32,
                            },
                        },
                    ),
                    span: Span {
                        start: 98,
                        end: 106,
                        start_line: 7,
                        start_col: 32,
                    },
                },
                where_clause: None,
                state: [
                    HandlerState {
                        is_mut: true,
                        name: Spanned {
                            node: SymbolU32 {
                                value: 8,
                            },
                            span: Span {
                                start: 121,
                                end: 126,
                                start_line: 8,
                                start_col: 13,
                            },
                        },
                        ty: Type {
                            kind: Path(
                                TypePath {
                                    segments: [
                                        TypePathSegment {
                                            name: Spanned {
                                                node: SymbolU32 {
                                                    value: 2,
                                                },
                                                span: Span {
                                                    start: 128,
                                                    end: 129,
                                                    start_line: 8,
                                                    start_col: 20,
                                                },
                                            },
                                            args: None,
                                        },
                                    ],
                                    span: Span {
                                        start: 128,
                                        end: 129,
                                        start_line: 8,
                                        start_col: 20,
                                    },
                                },
                            ),
                            span: Span {
                                start: 128,
                                end: 129,
                                start_line: 8,
                                start_col: 20,
                            },
                        },
                        default: None,
                        span: Span {
                            start: 113,
                            end: 129,
                            start_line: 8,
                            start_col: 5,
                        },
                    },
                ],
                return_clause: Some(
                    ReturnClause {
                        param: Spanned {
                            node: SymbolU32 {
                                value: 9,
                            },
                            span: Span {
                                start: 142,
                                end: 143,
                                start_line: 10,
                                start_col: 12,
                            },
                        },
                        body: Block {
                            statements: [],
                            expr: Some(
                                Expr {
                                    kind: Path(
                                        ExprPath {
                                            segments: [
                                                ExprPathSegment {
                                                    name: Spanned {
                                                        node: SymbolU32 {
                                                            value: 9,
                                                        },
                                                        span: Span {
                                                            start: 147,
                                                            end: 148,
                                                            start_line: 10,
                                                            start_col: 17,
                                                        },
                                                    },
                                                    args: None,
                                                },
                                            ],
                                            span: Span {
                                                start: 147,
                                                end: 148,
                                                start_line: 10,
                                                start_col: 17,
                                            },
                                        },
                                    ),
                                    span: Span {
                                        start: 147,
                                        end: 148,
                                        start_line: 10,
                                        start_col: 17,
                                    },
                                },
                            ),
                            span: Span {
                                start: 145,
                                end: 150,
                                start_line: 10,
                                start_col: 15,
                            },
                        },
                        span: Span {
                            start: 135,
                            end: 150,
                            start_line: 10,
                            start_col: 5,
                        },
                    },
                ),
                operations: [
                    OperationImpl {
                        name: Spanned {
                            node: SymbolU32 {
                                value: 3,
                            },
                            span: Span {
                                start: 159,
                                end: 162,
                                start_line: 12,
                                start_col: 8,
                            },
                        },
                        params: [],
                        body: Block {
                            statements: [],
                            expr: Some(
                                Expr {
                                    kind: Resume(
                                        Expr {
                                            kind: Path(
                                                ExprPath {
                                                    segments: [
                                                        ExprPathSegment {
                                                            name: Spanned {
                                                                node: SymbolU32 {
                                                                    value: 8,
                                                                },
                                                                span: Span {
                                                                    start: 174,
                                                                    end: 179,
                                                                    start_line: 12,
                                                                    start_col: 23,
                                                                },
                                                            },
                                                            args: None,
                                                        },
                                                    ],
                                                    span: Span {
                                                        start: 174,
                                                        end: 179,
                                                        start_line: 12,
                                                        start_col: 23,
                                                    },
                                                },
                                            ),
                                            span: Span {
                                                start: 174,
                                                end: 179,
                                                start_line: 12,
                                                start_col: 23,
                                            },
                                        },
                                    ),
                                    span: Span {
                                        start: 167,
                                        end: 180,
                                        start_line: 12,
                                        start_col: 16,
                                    },
                                },
                            ),
                            span: Span {
                                start: 165,
                                end: 182,
                                start_line: 12,
                                start_col: 14,
                            },
                        },
                        span: Span {
                            start: 156,
                            end: 182,
                            start_line: 12,
                            start_col: 5,
                        },
                    },
                    OperationImpl {
                        name: Spanned {
                            node: SymbolU32 {
                                value: 4,
                            },
                            span: Span {
                                start: 190,
                                end: 193,
                                start_line: 13,
                                start_col: 8,
                            },
                        },
                        params: [
                            Pattern {
                                kind: Ident {
                                    by_ref: false,
                                    mutable: false,
                                    name: Spanned {
                                        node: SymbolU32 {
                                            value: 5,
                                        },
                                        span: Span {
                                            start: 194,
                                            end: 195,
                                            start_line: 13,
                                            start_col: 12,
                                        },
                                    },
                                    subpattern: None,
                                },
                                span: Span {
                                    start: 194,
                                    end: 195,
                                    start_line: 13,
                                    start_col: 12,
                                },
                            },
                        ],
                        body: Block {
                            statements: [
                                Expr {
                                    expr: Expr {
                                        kind: Assign {
                                            target: Expr {
                                                kind: Path(
                                                    ExprPath {
                                                        segments: [
                                                            ExprPathSegment {
                                                                name: Spanned {
                                                                    node: SymbolU32 {
                                                                        value: 8,
                                                                    },
                                                                    span: Span {
                                                                        start: 199,
                                                                        end: 204,
                                                                        start_line: 13,
                                                                        start_col: 17,
                                                                    },
                                                                },
                                                                args: None,
                                                            },
                                                        ],
                                                        span: Span {
                                                            start: 199,
                                                            end: 204,
                                                            start_line: 13,
                                                            start_col: 17,
                                                        },
                                                    },
                                                ),
                                                span: Span {
                                                    start: 199,
                                                    end: 204,
                                                    start_line: 13,
                                                    start_col: 17,
                                                },
                                            },
                                            value: Expr {
                                                kind: Path(
                                                    ExprPath {
                                                        segments: [
                                                            ExprPathSegment {
                                                                name: Spanned {
                                                                    node: SymbolU32 {
                                                                        value: 5,
                                                                    },
                                                                    span: Span {
                                                                        start: 207,
                                                                        end: 208,
                                                                        start_line: 13,
                                                                        start_col: 25,
                                                                    },
                                                                },
                                                                args: None,
                                                            },
                                                        ],
                                                        span: Span {
                                                            start: 207,
                                                            end: 208,
                                                            start_line: 13,
                                                            start_col: 25,
                                                        },
                                                    },
                                                ),
                                                span: Span {
                                                    start: 207,
                                                    end: 208,
                                                    start_line: 13,
                                                    start_col: 25,
                                                },
                                            },
                                        },
                                        span: Span {
                                            start: 199,
                                            end: 208,
                                            start_line: 13,
                                            start_col: 17,
                                        },
                                    },
                                    has_semi: true,
                                },
                            ],
                            expr: Some(
                                Expr {
                                    kind: Resume(
                                        Expr {
                                            kind: Tuple(
                                                [],
                                            ),
                                            span: Span {
                                                start: 217,
                                                end: 219,
                                                start_line: 13,
                                                start_col: 35,
                                            },
                                        },
                                    ),
                                    span: Span {
                                        start: 210,
                                        end: 220,
                                        start_line: 13,
                                        start_col: 28,
                                    },
                                },
                            ),
                            span: Span {
                                start: 197,
                                end: 222,
                                start_line: 13,
                                start_col: 15,
                            },
                        },
                        span: Span {
                            start: 187,
                            end: 222,
                            start_line: 13,
                            start_col: 5,
                        },
                    },
                ],
                span: Span {
                    start: 67,
                    end: 224,
                    start_line: 7,
                    start_col: 1,
                },
            },
        ),
        Function(
            FnDecl {
                attrs: [],
                vis: Private,
                qualifiers: FnQualifiers {
                    is_const: false,
                    is_async: false,
                    is_unsafe: false,
                },
                name: Spanned {
                    node: SymbolU32 {
                        value: 10,
                    },
                    span: Span {
                        start: 229,
                        end: 236,
                        start_line: 16,
                        start_col: 4,
                    },
                },
                type_params: None,
                params: [],
                return_type: Some(
                    Type {
                        kind: Path(
                            TypePath {
                                segments: [
                                    TypePathSegment {
                                        name: Spanned {
                                            node: SymbolU32 {
                                                value: 11,
                                            },
                                            span: Span {
                                                start: 242,
                                                end: 245,
                                                start_line: 16,
                                                start_col: 17,
                                            },
                                        },
                                        args: None,
                                    },
                                ],
                                span: Span {
                                    start: 242,
                                    end: 245,
                                    start_line: 16,
                                    start_col: 17,
                                },
                            },
                        ),
                        span: Span {
                            start: 242,
                            end: 245,
                            start_line: 16,
                            start_col: 17,
                        },
                    },
                ),
                effects: Some(
                    EffectRow {
                        kind: Effects {
                            effects: [
                                Type {
                                    kind: Path(
                                        TypePath {
                                            segments: [
                                                TypePathSegment {
                                                    name: Spanned {
                                                        node: SymbolU32 {
                                                            value: 1,
                                                        },
                                                        span: Span {
                                                            start: 249,
                                                            end: 254,
                                                            start_line: 16,
                                                            start_col: 24,
                                                        },
                                                    },
                                                    args: Some(
                                                        TypeArgs {
                                                            args: [
                                                                Type(
                                                                    Type {
                                                                        kind: Path(
                                                                            TypePath {
                                                                                segments: [
                                                                                    TypePathSegment {
                                                                                        name: Spanned {
                                                                                            node: SymbolU32 {
                                                                                                value: 11,
                                                                                            },
                                                                                            span: Span {
                                                                                                start: 255,
                                                                                                end: 258,
                                                                                                start_line: 16,
                                                                                                start_col: 30,
                                                                                            },
                                                                                        },
                                                                                        args: None,
                                                                                    },
                                                                                ],
                                                                                span: Span {
                                                                                    start: 255,
                                                                                    end: 258,
                                                                                    start_line: 16,
                                                                                    start_col: 30,
                                                                                },
                                                                            },
                                                                        ),
                                                                        span: Span {
                                                                            start: 255,
                                                                            end: 258,
                                                                            start_line: 16,
                                                                            start_col: 30,
                                                                        },
                                                                    },
                                                                ),
                                                            ],
                                                            span: Span {
                                                                start: 254,
                                                                end: 259,
                                                                start_line: 16,
                                                                start_col: 29,
                                                            },
                                                        },
                                                    ),
                                                },
                                            ],
                                            span: Span {
                                                start: 249,
                                                end: 259,
                                                start_line: 16,
                                                start_col: 24,
                                            },
                                        },
                                    ),
                                    span: Span {
                                        start: 249,
                                        end: 259,
                                        start_line: 16,
                                        start_col: 24,
                                    },
                                },
                            ],
                            rest: None,
                        },
                        span: Span {
                            start: 248,
                            end: 260,
                            start_line: 16,
                            start_col: 23,
                        },
                    },
                ),
                where_clause: None,
                body: Some(
                    Block {
                        statements: [
                            Let {
                                pattern: Pattern {
                                    kind: Ident {
                                        by_ref: false,
                                        mutable: false,
                                        name: Spanned {
                                            node: SymbolU32 {
                                                value: 12,
                                            },
                                            span: Span {
                                                start: 271,
                                                end: 278,
                                                start_line: 17,
                                                start_col: 9,
                                            },
                                        },
                                        subpattern: None,
                                    },
                                    span: Span {
                                        start: 271,
                                        end: 278,
                                        start_line: 17,
                                        start_col: 9,
                                    },
                                },
                                ty: None,
                                value: Some(
                                    Expr {
                                        kind: Perform {
                                            effect: Some(
                                                TypePath {
                                                    segments: [
                                                        TypePathSegment {
                                                            name: Spanned {
                                                                node: SymbolU32 {
                                                                    value: 1,
                                                                },
                                                                span: Span {
                                                                    start: 289,
                                                                    end: 294,
                                                                    start_line: 17,
                                                                    start_col: 27,
                                                                },
                                                            },
                                                            args: None,
                                                        },
                                                    ],
                                                    span: Span {
                                                        start: 289,
                                                        end: 294,
                                                        start_line: 17,
                                                        start_col: 27,
                                                    },
                                                },
                                            ),
                                            operation: Spanned {
                                                node: SymbolU32 {
                                                    value: 3,
                                                },
                                                span: Span {
                                                    start: 295,
                                                    end: 298,
                                                    start_line: 17,
                                                    start_col: 33,
                                                },
                                            },
                                            args: [],
                                        },
                                        span: Span {
                                            start: 281,
                                            end: 300,
                                            start_line: 17,
                                            start_col: 19,
                                        },
                                    },
                                ),
                                span: Span {
                                    start: 267,
                                    end: 301,
                                    start_line: 17,
                                    start_col: 5,
                                },
                            },
                            Expr {
                                expr: Expr {
                                    kind: Perform {
                                        effect: Some(
                                            TypePath {
                                                segments: [
                                                    TypePathSegment {
                                                        name: Spanned {
                                                            node: SymbolU32 {
                                                                value: 1,
                                                            },
                                                            span: Span {
                                                                start: 314,
                                                                end: 319,
                                                                start_line: 18,
                                                                start_col: 13,
                                                            },
                                                        },
                                                        args: None,
                                                    },
                                                ],
                                                span: Span {
                                                    start: 314,
                                                    end: 319,
                                                    start_line: 18,
                                                    start_col: 13,
                                                },
                                            },
                                        ),
                                        operation: Spanned {
                                            node: SymbolU32 {
                                                value: 4,
                                            },
                                            span: Span {
                                                start: 320,
                                                end: 323,
                                                start_line: 18,
                                                start_col: 19,
                                            },
                                        },
                                        args: [
                                            Expr {
                                                kind: Binary {
                                                    op: Add,
                                                    left: Expr {
                                                        kind: Path(
                                                            ExprPath {
                                                                segments: [
                                                                    ExprPathSegment {
                                                                        name: Spanned {
                                                                            node: SymbolU32 {
                                                                                value: 12,
                                                                            },
                                                                            span: Span {
                                                                                start: 324,
                                                                                end: 331,
                                                                                start_line: 18,
                                                                                start_col: 23,
                                                                            },
                                                                        },
                                                                        args: None,
                                                                    },
                                                                ],
                                                                span: Span {
                                                                    start: 324,
                                                                    end: 331,
                                                                    start_line: 18,
                                                                    start_col: 23,
                                                                },
                                                            },
                                                        ),
                                                        span: Span {
                                                            start: 324,
                                                            end: 331,
                                                            start_line: 18,
                                                            start_col: 23,
                                                        },
                                                    },
                                                    right: Expr {
                                                        kind: Literal(
                                                            Literal {
                                                                kind: Int {
                                                                    value: 1,
                                                                    suffix: None,
                                                                },
                                                                span: Span {
                                                                    start: 334,
                                                                    end: 335,
                                                                    start_line: 18,
                                                                    start_col: 33,
                                                                },
                                                            },
                                                        ),
                                                        span: Span {
                                                            start: 334,
                                                            end: 335,
                                                            start_line: 18,
                                                            start_col: 33,
                                                        },
                                                    },
                                                },
                                                span: Span {
                                                    start: 324,
                                                    end: 335,
                                                    start_line: 18,
                                                    start_col: 23,
                                                },
                                            },
                                        ],
                                    },
                                    span: Span {
                                        start: 306,
                                        end: 336,
                                        start_line: 18,
                                        start_col: 5,
                                    },
                                },
                                has_semi: true,
                            },
                        ],
                        expr: Some(
                            Expr {
                                kind: Path(
                                    ExprPath {
                                        segments: [
                                            ExprPathSegment {
                                                name: Spanned {
                                                    node: SymbolU32 {
                                                        value: 12,
                                                    },
                                                    span: Span {
                                                        start: 342,
                                                        end: 349,
                                                        start_line: 19,
                                                        start_col: 5,
                                                    },
                                                },
                                                args: None,
                                            },
                                        ],
                                        span: Span {
                                            start: 342,
                                            end: 349,
                                            start_line: 19,
                                            start_col: 5,
                                        },
                                    },
                                ),
                                span: Span {
                                    start: 342,
                                    end: 349,
                                    start_line: 19,
                                    start_col: 5,
                                },
                            },
                        ),
                        span: Span {
                            start: 261,
                            end: 351,
                            start_line: 16,
                            start_col: 36,
                        },
                    },
                ),
                span: Span {
                    start: 226,
                    end: 351,
                    start_line: 16,
                    start_col: 1,
                },
            },
        ),
    ],
    span: Span {
        start: 1,
        end: 351,
        start_line: 2,
        start_col: 1,
    },
}
